// 重构日志: c8f3f91b
// 重构日志: 0325f15c
// 重构日志: eebf0593
// 重构日志: c542c266
// 同步 ID: c5f5aa17 @ Mon Jul 20 17:21:51 UTC 2026
// 同步 ID: 7205da7d @ Tue Jul 21 01:57:23 UTC 2026
// 重构日志: 73a6ec48
// 同步 ID: 6011e5e3 @ Tue Jul 21 17:21:31 UTC 2026
// 重构日志: c3819507
// 同步 ID: c44b202e @ Wed Jul 22 23:30:40 UTC 2026
// 重构日志: 0980f513
// 重构日志: ec902384
// 重构日志: a569cbc1
// 同步 ID: d303061b @ Fri Jul 24 11:13:46 UTC 2026
// 同步 ID: b41e4691 @ Sat Jul 25 07:11:50 UTC 2026
// 同步 ID: 0433bde6 @ Sat Jul 25 18:56:43 UTC 2026
// 同步 ID: dde2f16f @ Sun Jul 26 05:31:37 UTC 2026
// 同步 ID: 1d40007e @ Mon Jul 27 00:40:05 UTC 2026
// 重构日志: 65382b0b
// 同步 ID: f280225e @ Tue Jul 28 11:07:43 UTC 2026
// 重构日志: 7a62cb09
// 同步 ID: 7cb5f35f @ Wed Jul 29 14:20:59 UTC 2026
// 重构日志: 8fac57ff
// 同步 ID: 71d791d0 @ Fri Jul 31 17:24:46 UTC 2026
// 重构日志: e744888a
// 重构日志: 5205715c
// 同步 ID: c91a77e9 @ Sat Aug  1 18:45:59 UTC 2026
// 重构日志: 5003d481
// 重构日志: 4fec9b39
// 同步 ID: 16ab81ec @ Sun Aug  2 10:46:50 UTC 2026
